// Jest Snapshot v1, https://goo.gl/fbAQLP

exports[`Mounted Notification renders correctly 1`] = `
<div
  class="notification"
>
  
  
  
  <span
    class="close"
  >
    Ã—
  </span>
</div>
`;
